******************************************************************************************************************************************************************************************************** 𝐃𝐌 𝐟𝐨𝐫 𝐏𝐫𝐨𝐦𝐨! $𝟐𝟓 𝐩𝐞𝐫 𝐭𝐰𝐞𝐞𝐭.   𝐆𝐨𝐝 𝐈 𝐥𝐨𝐯𝐞 𝐭𝐡𝐢𝐬 𝐜𝐡𝐚𝐥𝐥𝐞𝐧𝐠𝐞 🍑😭  𝐓𝐡𝐞 𝐓𝐨𝐩: “𝐃𝐨 𝐰𝐡𝐚𝐭𝐞𝐯𝐞𝐫 𝐲𝐨𝐮 𝐰𝐚𝐧𝐭” 😏
   𝐇𝐞’𝐬 𝐜𝐮𝐦𝐦𝐢𝐧𝐠 𝐟𝐨𝐫 𝐛𝐞𝐬𝐭 ‘𝐃𝐢𝐜𝐤 𝐓𝐚𝐤𝐞𝐫’ 𝟐𝟎𝟐𝟏
  𝐏𝐓 𝟐 ‘𝐀𝐜𝐞’𝐬 𝐨𝐛𝐬𝐞𝐬𝐬𝐢𝐨𝐧 𝐰/ 𝐌𝐢𝐤𝐞 𝐌𝐚𝐧𝐧’𝐬 𝐜𝐨𝐜𝐤’ — 𝐅𝐮𝐥𝐥 𝟐𝟎 𝐦𝐢𝐧 𝐯𝐢𝐝 𝐬𝐨𝐨𝐧 𝐭𝐨 𝐨𝐮𝐫 𝐨𝐧𝐥𝐲𝐟𝐚𝐧𝐬  𝐃𝐌 𝐟𝐨𝐫 𝐏𝐫𝐨𝐦𝐨! $𝟐𝟓 𝐩𝐞𝐫 𝐭𝐰𝐞𝐞𝐭.  𝐓𝐡𝐢𝐬 𝐨𝐧𝐞 𝐢𝐬 𝐭𝐨𝐮𝐠𝐡. 𝐓𝐡𝐢𝐧𝐤 𝐚𝐛𝐨𝐮𝐭 𝐢𝐭 👀  𝐖𝐡𝐚𝐭 𝐲𝐨𝐮 𝐠𝐨𝐧 𝐝𝐨 𝐰𝐢𝐭𝐡 𝐚𝐥𝐥 𝐭𝐡𝐢𝐬??
 𝐓𝐡𝐢𝐬 𝐢𝐬 𝐰𝐡𝐲 𝐈 𝐥𝐨𝐯𝐞 𝐭𝐡𝐞 𝐬𝐭𝐚𝐭𝐞𝐬 😭  𝐄𝐚𝐫𝐥𝐲 𝐦𝐨𝐫𝐧 𝐛𝐫𝐞𝐞𝐝𝐢𝐧𝐠 @MaxKonnorXXX
  𝐀𝐭 𝐥𝐞𝐚𝐬𝐭 𝟏𝟏 𝐢𝐧𝐜𝐡𝐞𝐬 🤦‍♂️ @lifeofdeven  𝐭𝐡𝐞 𝐟𝐚𝐜𝐞                           𝐭𝐡𝐞 𝐝𝐢𝐜𝐤  𝐌𝐚𝐱 𝐊𝐨𝐧𝐧𝐨𝐫 🔥 𝐭𝐡𝐚𝐭’𝐬 𝐭𝐡𝐞 𝐭𝐰𝐞𝐞𝐭.  𝐈 𝐥𝐨𝐯𝐞 𝐠𝐥𝐚𝐳𝐞𝐝 𝐂𝐢𝐧𝐧𝐚𝐛𝐨𝐧’𝐬 😋
  𝐁𝐮𝐬𝐬𝐞𝐝 𝐭𝐡𝐞 𝐩𝐡𝐚𝐭𝐭𝐞𝐬𝐭 𝐧𝐮𝐭 𝐟𝐫𝐨𝐦 𝐭𝐡𝐢𝐬 𝐯𝐢𝐝
  𝐖𝐡𝐨’𝐬 𝐝*𝐜𝐤 𝐲𝐨𝐮 𝐬𝐮𝐜𝐤𝐢𝐧𝐠 𝐟𝐢𝐫𝐬𝐭? 👀  𝟔𝐤 𝐥𝐢𝐤𝐞𝐬 𝐟𝐨𝐫 𝐭𝐡𝐞 𝐯𝐢𝐝𝐞𝐨 🔥  𝐇𝐞 𝐜𝐚𝐧 𝐬𝐭𝐢𝐥𝐥 𝐠𝐞𝐭 𝐢𝐭 𝐚𝐧𝐲𝐭𝐢𝐦𝐞 🤤  𝐇𝐨𝐰 𝐦𝐚𝐧𝐲 𝐢𝐧𝐜𝐡𝐞𝐬 𝐨𝐟 @OfficialMckell’s 𝐝*𝐜𝐤 𝐜𝐚𝐧 𝐲𝐨𝐮 𝐟𝐢𝐭 𝐝𝐨𝐰𝐧 𝐲𝐨𝐮𝐫 𝐭𝐡𝐫𝐨𝐚𝐭? 
  𝐋𝐞𝐟𝐭 𝐨𝐫 𝐑𝐢𝐠𝐡𝐭?? 👀  𝐌𝐨𝐫𝐧𝐢𝐧𝐠 𝐰𝐨𝐨𝐝 𝐟𝐫𝐨𝐦 @Dickgod69 🤤  𝐖𝐞’𝐫𝐞 #𝟏𝟐 𝐟𝐨𝐫 𝐡𝐢𝐠𝐡𝐞𝐬𝐭 𝐢𝐦𝐩𝐫𝐞𝐬𝐬𝐢𝐨𝐧𝐬 𝐨𝐧 𝐓𝐰𝐢𝐭𝐭𝐞𝐫 𝐭𝐡𝐢𝐬 𝐰𝐞𝐞𝐤 🤯 𝐭𝐡𝐚𝐧𝐤𝐬 𝐭𝐨 𝐒𝐚𝐯𝐚𝐠𝐞  𝐈𝐭’𝐬 𝐧𝐨𝐭 𝐞𝐯𝐞𝐧 𝐡𝐚𝐫𝐝 𝐲𝐞𝐭 🥵 𝐃𝐌 𝐟𝐨𝐫 𝐏𝐫𝐨𝐦𝐨!  𝐅𝐢𝐧𝐚𝐥𝐥𝐲 𝐠𝐨𝐭 𝐡𝐢𝐬 𝐝𝐚𝐮𝐠𝐡𝐭𝐞𝐫’𝐬 𝐛𝐨𝐲𝐟𝐫𝐢𝐞𝐧𝐝 𝐚𝐥𝐨𝐧𝐞  𝐘𝐨𝐮 𝐭𝐚𝐤𝐞 𝐦𝐢𝐥𝐤 𝐰𝐢𝐭𝐡 𝐲𝐨𝐮𝐫 𝐜𝐨𝐟𝐟𝐞𝐞?? 👀  𝐈𝐟 𝐲𝐨𝐮’𝐫𝐞 𝐛𝐮𝐢𝐥𝐭 𝐥𝐢𝐤𝐞 𝐭𝐡𝐢𝐬 𝐲𝐨𝐮 𝐡𝐚𝐯𝐞 𝐚𝐧 𝐚𝐮𝐭𝐨𝐦𝐚𝐭𝐢𝐜 𝐞𝐚𝐬𝐲 𝐩𝐚𝐬𝐬 𝐢𝐧 𝐥𝐢𝐟𝐞  𝐖𝐞’𝐯𝐞 𝐯𝐨𝐭𝐞𝐝 @PhatRabbitKill2 𝐚𝐬 ‘𝐁𝐞𝐬𝐭 𝐅𝐮𝐜𝐤𝐞𝐫’ 𝐨𝐟 𝟐𝟎𝟐𝟎. 𝐆𝐨𝐨𝐝 𝐜𝐡𝐨𝐢𝐜𝐞 𝐫𝐢𝐠𝐡𝐭?
  𝐈 𝐣𝐮𝐬𝐭 𝐜𝐚𝐦𝐞 𝐟𝐫𝐨𝐦 𝐚𝐧 𝐚𝐧𝐢𝐦𝐞. 𝐅𝐢𝐫𝐬𝐭 𝐭𝐢𝐦𝐞 𝐟𝐨𝐫 𝐞𝐯𝐞𝐫𝐲𝐭𝐡𝐢𝐧𝐠.  𝐃𝐚𝐦𝐧 𝐎𝐳𝐳𝐲 🤤 @dickaddicktedxx  𝐈 𝐠𝐢𝐯𝐞 𝐮𝐩 😩 𝐰𝐞'𝐥𝐥 𝐧𝐞𝐯𝐞𝐫 𝐠𝐞𝐭 𝐡𝐢𝐬 𝐧𝐮𝐝𝐞𝐬  𝐇𝐨𝐭 &amp; 𝐑𝐞𝐚𝐝𝐲 @unicornhorn48  𝐇𝐢𝐬 𝐚𝐳𝐳 𝐣𝐮𝐬𝐭 𝐤𝐞𝐞𝐩𝐬 𝐠𝐞𝐭𝐭𝐢𝐧𝐠 𝐩𝐡𝐚𝐭𝐭𝐞𝐫 🤤  𝟏𝟗 𝐲/𝐨 𝐚𝐭𝐡𝐥𝐞𝐭𝐞 𝐰𝐢𝐭𝐡 𝐚 𝐡𝐮𝐠𝐞 𝐜𝐨𝐜𝐤 🤤 𝐇𝐞 𝐬𝐚𝐢𝐝 𝐩𝐨𝐬𝐭 𝐭𝐡𝐢𝐬 𝐮𝐩 𝐛𝐮𝐭 𝐝𝐨𝐧’𝐭 𝐭𝐚𝐠 𝐡𝐢𝐦.  𝐄𝐯𝐞𝐫 𝐡𝐚𝐝 𝐚 𝐬𝐭𝐫𝐚𝐢𝐠𝐡𝐭 𝐠𝐮𝐲 𝐛𝐚𝐢𝐭 𝐲𝐨𝐮? 𝐓𝐡𝐢𝐬 𝐢𝐬 𝐜𝐫𝐢𝐦𝐢𝐧𝐚𝐥, 𝐛𝐮𝐭 𝐚𝐥𝐬𝐨 𝐞𝐧𝐭𝐢𝐜𝐢𝐧𝐠 😆 @300kcashh 
  𝐒𝐚𝐮𝐬𝐚𝐠𝐞 𝐩𝐚𝐫𝐭𝐲 🤤 𝐭𝐚𝐠 𝐚 𝐟𝐫𝐢𝐞𝐧𝐝!  Thi-thi-thi-thi-thick, he made me stutter ! Follow @niz_the_kid for more 🍑🍑  𝐒𝐚𝐟𝐚𝐫𝐞𝐞 𝐡𝐚𝐬 𝐭𝐡𝐞 𝐟𝐮𝐥𝐥𝐞𝐬𝐭 𝐛𝐚𝐥𝐥𝐬 𝐞𝐯𝐞𝐫 🤤  𝐃𝐌 𝐟𝐨𝐫 𝐏𝐫𝐨𝐦𝐨! $𝟐𝟓 𝐩𝐞𝐫 𝐭𝐰𝐞𝐞𝐭.  𝐄𝐯𝐞𝐫𝐲𝐨𝐧𝐞 𝐬𝐚𝐲 𝐡𝐞𝐥𝐥𝐨 𝐭𝐨 @Fredo_Llh
  𝐓𝐡𝐞 𝐦𝐨𝐮𝐧𝐭𝐚𝐢𝐧 𝐢𝐬 𝐛𝐚𝐜𝐤 😋 𝐃𝐌 𝐟𝐨𝐫 𝐏𝐫𝐨𝐦𝐨!  𝐖𝐞 𝐟𝐨𝐜𝐮𝐬 𝐬𝐨 𝐦𝐮𝐜𝐡 𝐨𝐧 𝐡𝐢𝐬 𝐝*𝐜𝐤 𝐭𝐡𝐚𝐭 𝐰𝐞 𝐝𝐨𝐧’𝐭 𝐚𝐩𝐩𝐫𝐞𝐜𝐢𝐚𝐭𝐞 𝐡𝐢𝐬 𝐚𝐳𝐳 𝐞𝐧𝐨𝐮𝐠𝐡 🤤🍑  𝐓𝐡𝐚𝐬𝐬𝐬 𝐚 𝐭𝐡𝐢𝐜𝐤 𝐚𝐳𝐳 𝐛𝐨𝐢 🤤  𝐍𝐢𝐠𝐡𝐭 𝐜𝐚𝐩! 😈 𝐃𝐌 𝐟𝐨𝐫 𝐏𝐫𝐨𝐦𝐨.  𝐖𝐨𝐮𝐥𝐝 𝐲𝐨𝐮 𝐬𝐩𝐞𝐧𝐝 𝟐𝟎 𝐝𝐚𝐲𝐬 𝐢𝐧 𝐣𝐚𝐢𝐥 𝐢𝐟 𝐡𝐞 𝐰𝐚𝐬 𝐲𝐨𝐮𝐫 𝐛𝐮𝐧𝐤𝐢𝐞? 👀  𝐇𝐚𝐫𝐝𝐞𝐬𝐭 𝐝𝐞𝐜𝐢𝐬𝐢𝐨𝐧 𝐞𝐯𝐞𝐫! 𝐋𝐞𝐟𝐭 𝐨𝐫 𝐑𝐢𝐠𝐡𝐭?  𝐈 𝐤𝐧𝐨𝐰 𝐲’𝐚𝐥𝐥 𝐦𝐢𝐬𝐬𝐞𝐝 𝐭𝐡𝐢𝐬 𝐩𝐡𝐚𝐭 𝐚𝐳𝐳
  𝐖𝐡𝐨 𝐰𝐚𝐧𝐭𝐬 𝐭𝐨 𝐬𝐮𝐜𝐤 𝐬𝐨𝐦𝐞 𝐝*𝐜𝐤?  👀👀👀   𝐌𝐨𝐫𝐞 𝐨𝐫𝐢𝐠𝐢𝐧𝐚𝐥 𝐜𝐨𝐧𝐭𝐞𝐧𝐭 𝐬𝐨𝐨𝐧 𝐜𝐨𝐦𝐞 𝟐𝟎𝟐𝟏 🤞  𝐇𝐢𝐬 𝐧𝐮𝐝𝐞𝐬 𝐢𝐧 𝟐𝟎𝟐𝟏. 𝐒𝐩𝐞𝐚𝐤𝐢𝐧𝐠 𝐢𝐧𝐭𝐨 𝐞𝐱𝐢𝐬𝐭𝐞𝐧𝐜𝐞.  Front or back view how’s it looking 👀👀🍑 @A1_tron
Follow   𝐂𝐨𝐫𝐫𝐞𝐜𝐭𝐢𝐨𝐧: 𝐈𝐭’𝐬 𝐧𝐨𝐭 𝟏𝟎 𝐢𝐧𝐜𝐡𝐞𝐬, 𝐢𝐭’𝐬 𝟏𝟐 😩 𝐬𝐡𝐞𝐞𝐞𝐬𝐡! 𝐅𝐨𝐥𝐥𝐨𝐰 𝐨𝐮𝐫 𝐛𝐚𝐜𝐤𝐮𝐩 @dickaddicktedxx  𝐑𝐓 𝐚𝐬 𝐚 𝐗-𝐌𝐚𝐬 𝐠𝐢𝐟𝐭 𝐭𝐨 𝐲𝐨𝐮𝐫 𝐟𝐨𝐥𝐥𝐨𝐰𝐞𝐫𝐬 🎁  𝐃*𝐜𝐤𝐢𝐧𝐠 𝐝𝐨𝐰𝐧 𝐡𝐢𝐬 𝐋𝐢𝐥 𝐛𝐫𝐨 𝐛𝐞𝐬𝐭 𝐟𝐫𝐢𝐞𝐧𝐝  👀👀👀
  
𝐭𝐡𝐞 𝐟𝐚𝐜𝐞                           𝐭𝐡𝐞 𝐝𝐢𝐜𝐤  𝐃𝐫𝐨𝐩 𝐚 “🙋‍♂️” 𝐢𝐟 𝐲𝐨𝐮 𝐜𝐚𝐧 𝐭𝐚𝐤𝐞 𝐢𝐭 👀  Addickted To BBC ? Go Subscribe To These Two Hot Studs.

 
  𝐖𝐨𝐮𝐥𝐝 𝐲𝐨𝐮 𝐬𝐮𝐜𝐤 𝐡𝐢𝐦 𝐨𝐟𝐟 ?? 👀
  𝐎𝐩𝐞𝐧 𝐲𝐨𝐮 𝐮𝐩 𝐬𝐭𝐫𝐞𝐭𝐜𝐡 𝐲𝐨𝐮 𝐨𝐮𝐭 ❌🚫  𝐀𝐧𝐝𝐫𝐞 𝐌𝐚𝐫𝐡𝐨𝐥𝐝 (𝐉𝐞𝐟𝐟𝐫𝐞𝐞 𝐒𝐭𝐚𝐫’𝐬 𝐞𝐱)  𝗠𝗼𝗿𝗻𝗶𝗻𝗴 𝗠𝗼𝗼𝗱:  𝐘𝐨𝐮 𝐡𝐨𝐩𝐩𝐢𝐧𝐠 𝐢𝐧 𝐨𝐫 𝐰𝐡𝐚𝐭??
  Follow this freaky nasty verse couple 😈 @c_them_motes  @jacobi_DSP their content is 🔥 Subscribe to see full vids…  𝐖𝐞 𝐦𝐢𝐬𝐬 𝐒𝐚𝐟𝐚𝐫𝐞𝐞’𝐬 𝐨𝐧𝐥𝐲𝐟𝐚𝐧𝐬 🤤  𝐀𝐜𝐞’𝐬 𝐨𝐛𝐬𝐞𝐬𝐬𝐢𝐨𝐧 𝐰𝐢𝐭𝐡 𝐌𝐢𝐤𝐞 𝐌𝐚𝐧𝐧’𝐬 𝐜𝐨𝐜𝐤 &gt;&gt;
𝐅𝐮𝐥𝐥 𝟐𝟎 𝐦𝐢𝐧 𝐯𝐢𝐝 𝐜𝐨𝐦𝐢𝐧𝐠 𝐬𝐨𝐨𝐧 𝐭𝐨 𝐨𝐮𝐫 𝐨𝐧𝐥𝐲𝐟𝐚𝐧𝐬  𝐖𝐡𝐚𝐭 𝐚 𝐛𝐞𝐚𝐮𝐭𝐢𝐟𝐮𝐥 𝐬𝐢𝐠𝐡𝐭 @A1_Tron
𝐅𝐨𝐥𝐥𝐨𝐰 𝐟𝐨𝐫 𝐟𝐫𝐞𝐞 𝐛𝐞𝐥𝐨𝐰 ↓ ↓
  𝐇𝐞 𝐬𝐚𝐲𝐬 𝐢𝐭’𝐬 𝐭𝐡𝐞 𝐛𝐢𝐠𝐠𝐞𝐬𝐭 𝐝*𝐜𝐤 𝐡𝐞’𝐬 𝐞𝐯𝐞𝐫 𝐬𝐮𝐜𝐤𝐞𝐝. 𝐓𝐡𝐞 𝐭𝐨𝐩 𝐢𝐬 𝟔’𝟕” 𝐛𝐭𝐰 👀
    𝐘𝐨𝐮 𝐥𝐢𝐤𝐢𝐧𝐠 𝐰𝐡𝐚𝐭 𝐲𝐨𝐮 𝐬𝐞𝐞? 𝐃𝐌 𝐟𝐨𝐫 𝐏𝐫𝐨𝐦𝐨!  𝐓𝐲𝐠𝐚 𝐢𝐬 𝐨𝐧𝐞 𝐨𝐟 𝐭𝐡𝐞 𝐨𝐧𝐥𝐲 𝐜𝐞𝐥𝐞𝐛𝐬 𝐝𝐨𝐢𝐧𝐠 𝐨𝐧𝐥𝐲𝐟𝐚𝐧𝐬 𝐫𝐢𝐠𝐡𝐭. 𝐇𝐞𝐫𝐞’𝐬 𝐚 𝐫𝐞𝐜𝐚𝐩 𝐨𝐟 𝐬𝐨𝐦𝐞 𝐨𝐟 𝐡𝐢𝐬 𝐠𝐫𝐞𝐚𝐭𝐞𝐬𝐭 𝐦𝐨𝐦𝐞𝐧𝐭𝐬 𝐬𝐨 𝐟𝐚𝐫.  𝐒𝐡𝐨𝐰𝐞𝐫 𝐭𝐢𝐦𝐞 𝐰𝐢𝐭𝐡 𝐅𝐫𝐞𝐝𝐨 🚿
  𝐌𝐨𝐨𝐝 𝐟𝐨𝐫 𝐭𝐡𝐞 𝐧𝐢𝐠𝐡𝐭. 𝐃𝐌 𝐟𝐨𝐫 𝐏𝐫𝐨𝐦𝐨! 💰  𝐒𝐞𝐱𝐲 𝐚𝐭𝐡𝐥𝐞𝐭𝐞 𝐟𝐫𝐨𝐦 𝐯𝐢𝐫𝐚𝐥 𝐓𝐢𝐤 𝐓𝐨𝐤 𝐡𝐮𝐠𝐞 🍆 𝐞𝐱𝐩𝐨𝐬𝐞𝐝. 𝐃𝐌 𝐟𝐨𝐫 𝐏𝐫𝐨𝐦𝐨!  𝐈𝐧𝐬𝐭𝐚𝐠𝐫𝐚𝐦:                         𝐓𝐰𝐢𝐭𝐭𝐞𝐫:  𝗠𝗶𝗱𝗻𝗶𝗴𝗵𝘁 𝗠𝗼𝗼𝗱:    𝐈 𝐧𝐞𝐞𝐝 𝐭𝐡𝐢𝐬 𝐨𝐧𝐞𝐬𝐢𝐞 𝐟𝐨𝐫 𝐂𝐡𝐫𝐢𝐬𝐭𝐦𝐚𝐬 🥵
  𝐑𝐞𝐚𝐥 𝐧***** 𝐭𝐚𝐤𝐞 𝐝𝐢𝐜𝐤 🗣  𝐓𝐫𝐞𝐲 𝐒𝐨𝐧𝐠𝐳               𝐨𝐫            𝐓𝐡𝐞 𝐆𝐚𝐦𝐞  𝐏𝐢𝐜𝐤 𝐨𝐧𝐞! *𝐘𝐨𝐮 𝐜𝐚𝐧’𝐭 𝐩𝐢𝐜𝐤 𝐛𝐨𝐭𝐡 🙄 𝐭𝐡𝐚𝐭’𝐬 𝐜𝐡𝐞𝐚𝐭𝐢𝐧𝐠*  𝐘𝐨𝐮’𝐝 𝐫𝐚𝐭𝐡𝐞𝐫 𝐭𝐚𝐤𝐞 𝐢𝐭 𝐨𝐫 𝐠𝐢𝐯𝐞 𝐢𝐭? 👀  𝐂𝐡𝐫𝐢𝐬𝐭𝐦𝐚𝐬 𝐜𝐚𝐦𝐞 𝐞𝐚𝐫𝐥𝐲! 𝐇𝐞’𝐬 𝐩𝐨𝐬𝐭𝐢𝐧𝐠 𝐚𝐠𝐚𝐢𝐧!
  𝐁𝐢𝐠 𝐝*𝐜𝐤 𝐲𝐞𝐥𝐥𝐨𝐰 𝐛𝐨𝐧𝐞 𝐛𝐫𝐞𝐞𝐝𝐬 𝐡𝐢𝐬 𝐛𝐟𝐟’𝐬 𝐩𝐡𝐚𝐭 𝐛𝐨𝐨𝐭𝐲 𝐨𝐥𝐝𝐞𝐫 𝐛𝐫𝐨 🔥 @dickaddicktedxx  𝐉𝐨𝐢𝐧 𝐡𝐢𝐦 𝐢𝐧 𝐭𝐡𝐞 𝐬𝐚𝐮𝐧𝐚?  𝐒𝐩𝐨𝐨𝐤𝐲 𝐇𝐨𝐮𝐫𝐬 🥵 @Holliwud_DaKing  𝐁𝐲 𝐩𝐨𝐩𝐮𝐥𝐚𝐫 𝐝𝐞𝐦𝐚𝐧𝐝. 𝐖𝐚𝐢𝐭 𝐭𝐢𝐥 𝐭𝐡𝐞 𝐞𝐧𝐝.
  𝐓𝐫𝐞𝐲 𝐒𝐨𝐧𝐠𝐳 𝐥𝐚𝐭𝐞𝐬𝐭 𝐎𝐅 𝐜𝐨𝐧𝐭𝐞𝐧𝐭 👀  𝐖𝐨𝐚𝐡 𝐥𝐨𝐨𝐤 𝐚𝐭 𝐭𝐡𝐞 𝐬𝐢𝐳𝐞 𝐨𝐟 𝐭𝐡𝐚𝐭  𝐖𝐞𝐚𝐥𝐭𝐡𝐲 𝐟𝐨𝐨𝐭𝐛𝐚𝐥𝐥𝐞𝐫 𝐨𝐟𝐟𝐞𝐫𝐬 𝐛𝐞𝐥𝐥 𝐡𝐨𝐩 𝐦𝐨𝐫𝐞 𝐦𝐨𝐧𝐞𝐲 𝐭𝐡𝐚𝐧 𝐡𝐞’𝐝 𝐢𝐦𝐚𝐠𝐢𝐧𝐞, 𝐧𝐨𝐭 𝐤𝐧𝐨𝐰𝐢𝐧𝐠 𝐡𝐞 𝐰𝐨𝐮𝐥𝐝’𝐯𝐞 𝐥𝐞𝐭 𝐡𝐢𝐦 𝐟*** 𝐟𝐨𝐫 𝐟𝐫𝐞𝐞  𝟐𝐤 𝐥𝐢𝐤𝐞𝐬 𝐟𝐨𝐫 𝐡𝐢𝐬 𝐧𝐮𝐝𝐞𝐬 ☺️  𝐃𝐈𝐂𝐊𝐀𝐃𝐃𝐈𝐂𝐊𝐓𝐄𝐃™️| @Tyga 💦💦💦  𝐖𝐡𝐚𝐭 𝐲𝐨𝐮 𝐞𝐚𝐭𝐢𝐧𝐠 𝐟𝐢𝐫𝐬𝐭?? 👀👀  𝐃𝐈𝐂𝐊𝐀𝐃𝐃𝐈𝐂𝐊𝐓𝐄𝐃™️| @ItsKraveMelanin  𝐭𝐡𝐞 𝐟𝐚𝐜𝐞                           𝐭𝐡𝐞 𝐝𝐢𝐜𝐤  𝐑𝐓 𝐢𝐟 𝐲𝐨𝐮 𝐰𝐨𝐮𝐥𝐝 𝐞𝐚𝐭 &amp; 𝐛𝐞𝐚𝐭 🍑  𝐀𝐝𝐯𝐞𝐫𝐭𝐢𝐬𝐞 𝐰𝐢𝐭𝐡 𝐮𝐬! $𝟐𝟓 𝐩𝐞𝐫 𝐭𝐰𝐞𝐞𝐭, $𝟏𝟓 𝐩𝐞𝐫 𝐑𝐓, $𝟒𝟎 𝐟𝐨𝐫 𝐚 𝟐𝟒 𝐡𝐫 𝐩𝐢𝐧𝐧𝐞𝐝 𝐭𝐰𝐞𝐞𝐭. 𝐃𝐌 𝐟𝐨𝐫 𝐬𝐞𝐫𝐢𝐨𝐮𝐬 𝐢𝐧𝐪𝐮𝐢𝐫𝐢𝐞𝐬! - 𝐃𝐈𝐂𝐊𝐀𝐃𝐃𝐈𝐂𝐊𝐓…  𝐀𝐝𝐯𝐞𝐫𝐭𝐢𝐬𝐞 𝐰𝐢𝐭𝐡 𝐮𝐬! $𝟐𝟓 𝐩𝐞𝐫 𝐭𝐰𝐞𝐞𝐭, $𝟏𝟓 𝐩𝐞𝐫 𝐑𝐓, $𝟒𝟎 𝐟𝐨𝐫 𝐚 𝟐𝟒 𝐡𝐫 𝐩𝐢𝐧𝐧𝐞𝐝 𝐭𝐰𝐞𝐞𝐭. 𝐃𝐌 𝐟𝐨𝐫 𝐬𝐞𝐫𝐢𝐨𝐮𝐬 𝐢𝐧𝐪𝐮𝐢𝐫𝐢𝐞𝐬! - 𝐃𝐈𝐂𝐊𝐀𝐃𝐃𝐈𝐂𝐊𝐓…  𝐥𝐞𝐟𝐭                         𝐨𝐫                     𝐫𝐢𝐠𝐡𝐭⁣  𝐖𝐚𝐭𝐜𝐡 𝐌𝐚𝐥𝐜𝐨𝐥𝐦 𝐛𝐮𝐬𝐬 𝐚 𝐟𝐚𝐭 𝐧𝐮𝐭 🍆💦  𝐌𝐢𝐝𝐝𝐚𝐲 𝐌𝐨𝐨𝐝:  𝐏𝐢𝐜𝐤 𝐨𝐧𝐞!    𝐖𝐡𝐨’𝐬 𝐡𝐮𝐧𝐠𝐫𝐲?
   𝐒𝐭𝐨𝐩 𝐰𝐡𝐢𝐧𝐢𝐧𝐠 𝐚𝐧𝐝 𝐭𝐚𝐤𝐞 𝐭𝐡𝐞 𝐃***  𝐖𝐨𝐨𝐝 𝐌𝐨𝐫𝐧𝐢𝐧𝐠 🌝    𝐓𝐚𝐬𝐭𝐞 👅   𝐅𝐨𝐥𝐥𝐨𝐰 𝐨𝐮𝐫 𝐛𝐚𝐜𝐤𝐮𝐩 @dickaddicktedxx  Guess how many inches @AfnBlackken is holding 🦍🖤🤔
For a free subscription‼️ hit the link  for his 3$ onlyfans ⬇️⬇️…  𝐖𝐞’𝐫𝐞 𝐬𝐭𝐚𝐫𝐭𝐢𝐧𝐠 𝐚𝐧 𝐨𝐧𝐥𝐲𝐟𝐚𝐧𝐬 𝐬𝐨𝐨𝐧, 𝐚𝐬 𝐫𝐞𝐪𝐮𝐞𝐬𝐭𝐞𝐝. 𝐄𝐱𝐜𝐢𝐭𝐞𝐝? 𝐖𝐞’𝐥𝐥 𝐤𝐞𝐞𝐩 𝐲𝐨𝐮 𝐩𝐨𝐬𝐭𝐞𝐝. 𝐈𝐧 𝐭𝐡𝐞 𝐦𝐞𝐚𝐧𝐭𝐢𝐦𝐞, 𝐟𝐨𝐥𝐥𝐨𝐰 𝐨𝐮𝐫 𝐛𝐚𝐜𝐤𝐮𝐩 𝐚…  𝐘𝐞𝐬 𝐞𝐯𝐞𝐫𝐲𝐨𝐧𝐞, 𝐌𝐢𝐤𝐞 𝐢𝐬 𝐬𝐭𝐢𝐥𝐥 𝐩𝐞𝐫𝐟𝐞𝐜𝐭.  𝐇𝐞 𝐰𝐚𝐬 𝐡𝐨𝐨𝐤𝐞𝐝 𝐨𝐧 𝐡𝐢𝐬 𝐬𝐢𝐬𝐭𝐞𝐫’𝐬 𝐛𝐟, 𝐚𝐧𝐝 𝐭𝐡𝐞 𝐛𝐟 𝐤𝐧𝐞𝐰. 𝐇𝐞’𝐝 𝐰𝐚𝐥𝐤 𝐚𝐫𝐨𝐮𝐧𝐝 𝐭𝐡𝐞 𝐡𝐨𝐮𝐬𝐞 𝐟𝐫𝐞𝐞𝐛𝐚𝐥𝐥𝐢𝐧𝐠 𝐭𝐞𝐚𝐬𝐢𝐧𝐠 𝐡𝐢𝐦, 𝐮𝐧𝐭𝐢𝐥 𝐨𝐧𝐞 𝐝𝐚…  𝐂𝐚𝐧 𝐲𝐨𝐮 𝐭𝐚𝐤𝐞 𝟏𝟎 𝐢𝐧𝐜𝐡𝐞𝐬? 👀👀👀  Follow Big Boy Oral God @SantanaXXXL1  he’s one of the highest paid Big Boy content creators hot right now breaking…  
𝐭𝐡𝐞 𝐟𝐚𝐜𝐞                         𝐭𝐡𝐞 𝐝𝐢𝐜𝐤  𝐅𝐨𝐥𝐥𝐨𝐰 𝐚𝐭 𝐲𝐨𝐮𝐫 𝐨𝐰𝐧 𝐫𝐢𝐬𝐤 ⛔️ 🍑
  𝐖𝐡𝐢𝐜𝐡 𝐛𝐞𝐚𝐧𝐢𝐞 𝐲𝐨𝐮 𝐥𝐢𝐤𝐞 𝐭𝐡𝐞 𝐦𝐨𝐬𝐭? 😏   𝐒𝐮𝐜𝐤𝐢𝐧𝐠 𝐮𝐩 𝐉𝐨𝐯𝐨𝐧𝐧𝐢𝐞’𝐬 𝐫𝐨𝐜𝐤 𝐡𝐚𝐫𝐝 𝐯𝐞𝐢𝐧𝐲 𝐝***  𝐀 𝐦𝐢𝐝𝐧𝐢𝐠𝐡𝐭 𝐬𝐧𝐚𝐜𝐤 𝐟𝐫𝐨𝐦 @smokepoleboy1 𝐘𝐨𝐮 𝐞𝐚𝐭𝐢𝐧𝐠?? 👀👀  #Exclusive: 𝐓𝐰𝐨 𝐧𝐞𝐰 𝐯𝐢𝐝𝐞𝐨𝐬 𝐨𝐟 𝐓𝐲𝐠𝐚 𝐬𝐭𝐫𝐨𝐤𝐢𝐧𝐠 𝐡𝐢𝐬 𝐦𝐞𝐚𝐭. 𝐓𝐡𝐞 𝐥𝐚𝐬𝐭 𝐢𝐬 𝐚 𝐬𝐡𝐨𝐫𝐭 𝐜𝐥𝐢𝐩 𝐨𝐟 𝐡𝐢𝐦 𝐟𝐮𝐜𝐤𝐢𝐧𝐠.  𝐖𝐨𝐰 𝐣𝐮𝐬𝐭 𝐰𝐨𝐰 😭 𝐃𝐌 𝐟𝐨𝐫 𝐏𝐫𝐨𝐦𝐨!
  𝐓𝐚𝐤𝐢𝐧𝐠 𝟏𝟎 𝐢𝐧𝐜𝐡𝐞𝐬 𝐨𝐟 𝐁𝐁𝐂 𝐥𝐢𝐤𝐞 𝐚 𝐜𝐡𝐚𝐦𝐩   𝐊𝐢𝐧𝐠 𝐃𝐢𝐧𝐠𝐨 👏 𝐃𝐌 𝐟𝐨𝐫 𝐏𝐫𝐨𝐦𝐨!  𝐒𝐡𝐨𝐮𝐥𝐝 𝐰𝐞 𝐬𝐮𝐛𝐬𝐜𝐫𝐢𝐛𝐞? 👀  𝐈𝐬 𝐡𝐞 𝐲𝐨𝐮𝐫 𝐭𝐲𝐩𝐞??  𝐓𝐡𝐫𝐨𝐚𝐭 𝐟𝐮𝐥𝐥 𝐨𝐟 𝐂𝐚𝐬𝐭𝐫𝐨 𝐦𝐞𝐚𝐭. 𝐋𝐮𝐜𝐤𝐲 𝐠𝐮𝐲.  𝐓𝐡𝐞 𝐬𝐨𝐮𝐧𝐝𝐬 𝐨𝐟 𝐥𝐨𝐯𝐞 𝐦𝐚𝐤𝐢𝐧𝐠  𝐓𝐡𝐢𝐬 𝐢𝐬 𝐨𝐧𝐞 𝐥𝐮𝐜𝐤𝐲 𝐥𝐚𝐝. 𝐃𝐌 𝐟𝐨𝐫 𝐏𝐫𝐨𝐦𝐨!  𝐖𝐨𝐮𝐥𝐝 𝐲𝐨𝐮 𝐬𝐮𝐜𝐤 𝐡𝐢𝐦 𝐨𝐟𝐟 𝐟𝐨𝐫 𝐚 𝐩𝐫𝐨𝐦𝐨𝐭𝐢𝐨𝐧?  𝐓𝐡𝐚𝐧𝐤𝐬 𝐟𝐨𝐫 𝐚 𝐪𝐮𝐚𝐫𝐭𝐞𝐫 𝐦𝐢𝐥𝐥𝐢𝐨𝐧 𝐟𝐨𝐥𝐥𝐨𝐰𝐞𝐫𝐬! 🎉 𝐘𝐨𝐮 𝐚𝐥𝐥 𝐥𝐨𝐯𝐞 𝐏𝐓. 𝟏 𝐬𝐨 𝐦𝐮𝐜𝐡, 𝐡𝐞𝐫𝐞’𝐬 𝐏𝐓. 𝟐!  𝐖𝐡𝐨 𝐰𝐚𝐧𝐭𝐬 𝐭𝐨 𝐬𝐞𝐞 𝐃𝐞𝐚𝐝𝐩𝐨𝐨𝐥 (@Unicornhorn48) 𝐠𝐞𝐭 𝐟𝐮𝐜𝐤𝐞𝐝??
  𝐇𝐢𝐬 𝐟𝐢𝐫𝐬𝐭 𝐭𝐢𝐦𝐞 𝐞𝐯𝐞𝐫 𝐭𝐚𝐤𝐢𝐧𝐠 𝐝*𝐜𝐤 👀👀  𝐖𝐡𝐞𝐧 𝟏𝟎 𝐢𝐧𝐜𝐡𝐞𝐬 𝐁𝐁𝐂 𝐦𝐞𝐞𝐭𝐬 𝐚 𝐛𝐮𝐛𝐛𝐥𝐞 𝐛𝐨𝐨𝐭𝐲  𝐒𝐨 𝐡𝐞 𝐟𝐢𝐧𝐚𝐥𝐥𝐲 𝐜𝐚𝐦𝐞 𝐨𝐮𝐭 👀👀  𝐖𝐡𝐞𝐧 @SRhyheim 𝐦𝐞𝐭 @OficialTalox  𝐀 𝐲𝐨𝐮𝐧𝐠 𝐟𝐢𝐧𝐞 𝐏𝐚𝐩𝐢 𝐰𝐢𝐭𝐡 𝟏𝟎 𝐢𝐧𝐜𝐡𝐞𝐬 𝐨𝐟 🥩  𝐃𝐌 𝐟𝐨𝐫 𝐩𝐫𝐨𝐦𝐨! 𝐃𝐌 𝐟𝐨𝐫 𝐩𝐫𝐨𝐦𝐨! 💰
  𝐓𝐡𝐢𝐬 𝐥𝐨𝐨𝐤𝐬 𝐥𝐢𝐤𝐞 𝐟𝐮𝐧  𝐋𝐚𝐭𝐞 𝐧𝐢𝐠𝐡𝐭 𝐰𝐢𝐭𝐡 𝐭𝐡𝐞 𝐡𝐨𝐦𝐢𝐞  𝐃𝐌 𝐟𝐨𝐫 𝐩𝐫𝐨𝐦𝐨! 𝐃𝐌 𝐟𝐨𝐫 𝐩𝐫𝐨𝐦𝐨! 💰  𝐖𝐡𝐨 𝐬𝐚𝐲𝐬 𝐲𝐨𝐮 𝐜𝐚𝐧’𝐭 𝐡𝐚𝐯𝐞 𝐢𝐭 𝐚𝐥𝐥?? @lifeofdeven 𝐡𝐚𝐬 𝐃𝐢𝐜𝐤 𝐚𝐧𝐝 𝐀𝐬𝐬 😭 𝐰𝐢𝐭𝐡 𝐭𝐡𝐞 𝐛𝐨𝐝𝐲 𝐚𝐧𝐝 𝐥𝐨𝐨𝐤𝐬 𝐭𝐨𝐨..  𝐒𝐚𝐭𝐮𝐫𝐝𝐚𝐲 𝐧𝐢𝐠𝐡𝐭 𝐦𝐨𝐨𝐝. 𝐁𝐫𝐞𝐚𝐤 𝐨𝐮𝐭 𝐲𝐨𝐮𝐫 𝐬𝐡𝐞𝐥𝐥, 𝐡𝐚𝐯𝐞 𝐟𝐮𝐧.
  𝐃𝐌 𝐟𝐨𝐫 𝐩𝐫𝐨𝐦𝐨! 𝐃𝐌 𝐟𝐨𝐫 𝐩𝐫𝐨𝐦𝐨! 📈  𝐖𝐨𝐮𝐥𝐝 𝐲𝐨𝐮 𝐬𝐡𝐨𝐰𝐞𝐫 𝐰𝐢𝐭𝐡 @markopolo199 ??  . @ArmondRizzoXXX 𝐠𝐞𝐭𝐬 𝐝𝐢𝐜𝐤𝐞𝐝 𝐝𝐨𝐰𝐧 𝐠𝐨𝐨𝐝 𝐛𝐲 @DaddyMrCali 🔥
—————————————————
𝐅𝐮𝐥𝐥 𝐯𝐢𝐝𝐞𝐨 𝐡𝐞𝐫𝐞:   𝐃𝐫𝐨𝐩 𝐭𝐡𝐞 𝐚𝐝𝐝𝐲 𝐛𝐞𝐥𝐨𝐰 ⬇️ 👀👀  𝐅𝐮𝐜𝐤𝐬 𝐡𝐢𝐬 𝐩𝐚𝐫𝐨𝐥𝐞 𝐨𝐟𝐟𝐢𝐜𝐞𝐫 𝐟𝐨𝐫 𝐠𝐨𝐨𝐝 𝐛𝐞𝐡𝐚𝐯𝐢𝐨𝐫  𝐕𝐞𝐧𝐨𝐦 😈 𝐢𝐬 𝐛𝐚𝐜𝐤!!!  𝐃𝐌 𝐟𝐨𝐫 𝐩𝐫𝐨𝐦𝐨! 𝐃𝐌 𝐟𝐨𝐫 𝐩𝐫𝐨𝐦𝐨! 💰📈   🔥🔥   𝐏𝐥𝐞𝐚𝐬𝐞 𝐭𝐞𝐥𝐥 𝐲𝐨𝐮𝐫 𝐝𝐨𝐠𝐬 𝐭𝐨 𝐜𝐡𝐢𝐥𝐥 @JakeOrion93 😂😂
  𝐁𝐫𝐨, 𝐡𝐚𝐯𝐞 𝐟𝐮𝐧 𝐣𝐚𝐜𝐤𝐢𝐧 𝐨𝐟𝐟 𝐛𝐞𝐜𝐚𝐮𝐬𝐞 𝐧𝐨 𝐨𝐧𝐞𝐬 𝐭𝐚𝐤𝐢𝐧𝐠 𝐚𝐥𝐥 𝐨𝐟 𝐭𝐡𝐚𝐭 😂    𝐒𝐥𝐲 𝐟𝐮𝐜𝐤𝐬 𝐀𝐥𝐞𝐱 𝐑𝐨𝐦𝐚𝐧 🔥
@DominantSly vs @AlexRoman955


  𝐈 𝐭𝐡𝐢𝐧𝐤 𝐢𝐭 𝐠𝐨𝐭 𝐩𝐡𝐚𝐭𝐭𝐞𝐫 🍑
  𝐃𝐞𝐯𝐨𝐧 𝐋𝐞𝐛𝐫𝐨𝐧 𝐢𝐬 𝐚 𝐛𝐞𝐚𝐬𝐭! 
    𝐂𝐚$𝐡 𝐎𝐮𝐭 𝐬𝐚𝐲𝐬 𝐡𝐞𝐥𝐥𝐨 😋 𝐇𝐞 𝐚𝐧𝐝 𝐓𝐲𝐠𝐚 𝐜𝐨𝐦𝐩𝐞𝐭𝐞𝐬 𝐟𝐨𝐫 𝐭𝐡𝐞 𝐛𝐞𝐬𝐭 𝐜𝐞𝐥𝐞𝐛𝐫𝐢𝐭𝐲 𝐨𝐧𝐥𝐲𝐟𝐚𝐧𝐬 𝐜𝐨𝐧𝐭𝐞𝐧𝐭    𝐀𝐭 𝟔'𝟏 𝟐𝟎𝟎𝐥𝐛𝐬 𝐰𝐢𝐭𝐡 𝟗-𝐢𝐧𝐜𝐡𝐞𝐬 𝐨𝐟 𝐦𝐞𝐚𝐭
𝐂𝐚𝐝𝐞!! 𝐓𝐡𝐞 𝐮𝐥𝐭𝐢𝐦𝐚𝐭𝐞 𝐬𝐭𝐮𝐝 🤤
  𝐇𝐞 𝐛𝐥𝐨𝐜𝐤𝐞𝐝 𝐮𝐬 𝐨𝐧 𝐨𝐧𝐥𝐲𝐟𝐚𝐧𝐬 🥴   𝐭𝐡𝐞 𝐟𝐚𝐜𝐞                       𝐭𝐡𝐞 𝐝𝐢𝐜𝐤  𝐈𝐧 &amp; 𝐎𝐮𝐭  𝐖𝐨𝐰 😯 @SmokePoleBoy1  𝐈𝐭’𝐬 𝐚𝐥𝐰𝐚𝐲𝐬 𝐭𝐡𝐞 𝐬𝐥𝐢𝐦 𝐨𝐧𝐞𝐬 😭😭  𝐘𝐨𝐮 𝐬𝐮𝐜𝐤 𝐭𝐨𝐞𝐬?    𝐒𝐮𝐜𝐡 𝐚 𝐡𝐚𝐫𝐝 𝐝𝐞𝐜𝐢𝐬𝐢𝐨𝐧  𝐈𝐦𝐚𝐠𝐢𝐧𝐞 𝐡𝐨𝐰 𝐠𝐨𝐨𝐝 𝐭𝐡𝐢𝐬 𝐟𝐞𝐞𝐥𝐬  𝐆𝐌 𝐟𝐫𝐨𝐦 𝐲𝐚 𝐛𝐨𝐢 😋 @lifeofdeven 
  𝐌𝐢𝐝𝐝𝐚𝐲 𝐌𝐨𝐨𝐝:   𝐈𝐦𝐚𝐠𝐢𝐧𝐞 𝐠𝐨𝐢𝐧𝐠 𝐟𝐨𝐫 𝐚 𝐜𝐮𝐭, 𝐚𝐧𝐝 𝐠𝐞𝐭𝐭𝐢𝐧𝐠 𝟏𝟎 𝐢𝐧𝐜𝐡𝐞𝐬 𝐨𝐟 𝐜𝐨𝐜𝐤 🥵 @RoccoSteeleNYC
  𝐏𝐢𝐜𝐤 𝐨𝐧𝐞!  𝐁𝐢𝐚𝐠𝐠𝐢 🤤 𝐈 𝐜𝐚𝐧 𝐬𝐩𝐨𝐭 𝐭𝐡𝐞𝐦 𝐛𝐚𝐥𝐥𝐬 𝐟𝐫𝐨𝐦 𝐚 𝐦𝐢𝐥𝐞 𝐚𝐰𝐚𝐲  🍈🍈  𝐁𝐢𝐠 𝐃𝐚𝐝𝐝𝐲 𝐫𝐨𝐮𝐠𝐡 𝐟𝐮𝐜𝐤𝐬 𝐡𝐢𝐬 𝐬𝐭𝐞𝐩𝐬𝐨𝐧  𝐌𝐢𝐝𝐝𝐚𝐲 𝐌𝐨𝐨𝐝:  This App-Controlled Prostate Stimulator from @hotstuff4guys will make you burst just by using your phone! Get yours…   𝐋𝐢𝐧𝐤 𝐛𝐞𝐥𝐨𝐰 𝐟𝐨𝐫 𝐭𝐡𝐞 𝐟𝐮𝐥𝐥 𝐯𝐢𝐝𝐞𝐨 ↓
  𝐑𝐞𝐦𝐞𝐦𝐛𝐞𝐫 𝐡𝐢𝐦? 👀 𝐃𝐌 𝐮𝐬 𝐢𝐟 𝐲𝐨𝐮 𝐰𝐚𝐧𝐧𝐚 𝐠𝐞𝐭 𝐭𝐨 𝐤𝐧𝐨𝐰 𝐡𝐢𝐦 𝐩𝐞𝐫𝐬𝐨𝐧𝐚𝐥𝐥𝐲.  𝐘’𝐚𝐥𝐥 𝐰𝐚𝐧𝐭 𝐦𝐨𝐫𝐞 𝐨𝐟 𝐋𝐚𝐦𝐨𝐧𝐭? 🤔  . @JJ_Jakobs | 𝐃𝐈𝐂𝐊𝐀𝐃𝐃𝐈𝐂𝐊𝐓𝐄𝐃™️  𝐌𝐚𝐫𝐬𝐡𝐚𝐥𝐥 𝐀𝐩𝐩𝐫𝐞𝐜𝐢𝐚𝐭𝐢𝐨𝐧 𝐏𝐨𝐬𝐭 🍆🍑
    𝐓𝐡𝐞 𝐭𝐡𝐢𝐧 𝐨𝐧𝐞𝐬 𝐡𝐚𝐯𝐞 𝐭𝐡𝐞 𝐛𝐢𝐠𝐠𝐞𝐬𝐭 😭   𝐈𝐭’𝐬 𝐰𝐡𝐞𝐧 𝐡𝐞 𝐭𝐡𝐫𝐞𝐰 𝐡𝐢𝐬 𝐥𝐞𝐠 𝐮𝐩 𝐟𝐨𝐫 𝐦𝐞 🤤 @officialmckell 
  𝐁𝐢𝐠 𝐥𝐨𝐧𝐠 𝐭𝐡𝐢𝐜𝐤 𝐡𝐞𝐚𝐯𝐲 𝐦𝐞𝐚𝐭 🥩
  𝐌𝐚𝐱 𝐊𝐨𝐧𝐧𝐨𝐫 𝐞𝐯𝐞𝐫𝐲𝐨𝐧𝐞 @MaxKonnorXXX
  🤤🤤🤤  𝐖𝐞𝐥𝐥 𝐠𝐨𝐝 𝐝𝐚𝐦𝐧 @DEEPFILLERNYC    𝗠𝗶𝗱𝗱𝗮𝘆 𝗠𝗼𝗼𝗱:    . @AlexRoman955 𝐠𝐞𝐭𝐬 𝐮𝐬𝐞𝐝 𝐥𝐢𝐤𝐞 𝐚 𝐬𝐞𝐱 𝐭𝐨𝐲

  𝐀𝐟𝐭𝐞𝐫 𝟏𝟐 𝐲𝐞𝐚𝐫𝐬 𝐢𝐧 𝐩𝐫𝐢𝐬𝐨𝐧, 𝐡𝐞 𝐜𝐫𝐞𝐩𝐭 𝐢𝐧 𝐡𝐢𝐬 𝐬𝐭𝐞𝐩𝐬𝐨𝐧 𝐫𝐨𝐨𝐦 𝐚𝐧𝐝 𝐟*𝐜𝐤𝐞𝐝 𝐡𝐢𝐦 𝐥𝐢𝐤𝐞  𝗜𝘁’𝘀 𝗼𝗻𝗹𝘆 $𝟱 𝗱𝗼𝗹𝗹𝗮𝗿𝘀 𝗿𝗶𝗴𝗵𝘁 𝗻𝗼𝘄, 𝗴𝗲𝘁 𝗶𝘁 𝘄𝗵𝘆 𝘁𝗵𝗲 𝗴𝗲𝘁𝘁𝗶𝗻𝗴 𝗴𝗼𝗼𝗱 ⬇️ @JakeOrion93
      𝐂𝐚𝐧 𝐲𝐨𝐮 𝐭𝐚𝐤𝐞 𝟏𝟎 𝐢𝐧𝐜𝐡𝐞𝐬?  𝐃𝐚𝐦𝐦𝐧𝐧𝐧𝐧𝐧𝐧𝐧 𝐛𝐨𝐢 🎂  😭😭  𝐎𝐡 𝐢𝐭’𝐬 𝐜𝐮𝐦𝐦𝐢𝐧𝐠 👀  𝐓𝐚𝐤𝐢𝐧𝐠 @MaxKonnorXXX’s 𝐁𝐁𝐂 🔥  𝐃𝐫𝐨𝐩 𝐚 “🙋‍♂️” 𝐢𝐟 𝐲𝐨𝐮 𝐰𝐚𝐧𝐧𝐚 𝐬𝐞𝐞 𝐭𝐡𝐞𝐬𝐞 𝐭𝐰𝐨 𝐝𝐨 𝐭𝐡𝐞 𝐧𝐚𝐬𝐭𝐲  𝐖𝐡𝐚𝐭 𝐰𝐨𝐮𝐥𝐝 𝐲𝐨𝐮 𝐝𝐨 𝐢𝐟 𝐲𝐨𝐮 𝐰𝐚𝐥𝐤𝐞𝐝 𝐢𝐧 𝐨𝐧 @PierceParisXXX 𝐥𝐢𝐤𝐞 𝐭𝐡𝐢𝐬?  𝐥𝐞𝐟𝐭                         𝐨𝐫                     𝐫𝐢𝐠𝐡𝐭  𝐆𝐨𝐨𝐝 𝐦𝐨𝐫𝐧𝐢𝐧𝐠 𝐭𝐨 𝐲𝐨𝐮 𝐬𝐢𝐫
  𝐘𝐨𝐮 𝐚𝐬𝐤𝐞𝐝 𝐚𝐧𝐝 𝐰𝐞 𝐝𝐞𝐥𝐢𝐯𝐞𝐫𝐞𝐝, 𝐚𝐬 𝐚𝐥𝐰𝐚𝐲𝐬.
  𝐎𝐡 𝐦𝐲 😳  𝐓𝐚𝐤𝐢𝐧𝐠 𝐭𝐡𝐚𝐭 𝐥𝐨𝐧𝐠 𝐭𝐡𝐢𝐜𝐤 𝐁𝐁𝐂  𝐖𝐞𝐥𝐥 𝐝𝐚𝐲𝐮𝐦 🥵 @younggotti8
  𝐇𝐞’𝐬 𝐚 𝐛𝐫𝐚𝐯𝐞 𝐥𝐢𝐭𝐭𝐥𝐞 𝐝𝐞𝐯𝐢𝐥   𝐁𝐚𝐥𝐥𝐬 𝐬𝐥𝐚𝐩𝐩𝐢𝐧𝐠  💪🏽💪🏽  𝐓𝐚𝐠 𝐡𝐢𝐦 𝐛𝐞𝐥𝐨𝐰 🤤  𝐒𝐨 𝐬𝐞𝐧𝐬𝐮𝐚𝐥 𝐭𝐡𝐢𝐬 𝐩𝐨𝐬𝐢𝐭𝐢𝐨𝐧
  𝐃𝐨 𝐲𝐨𝐮 𝐩𝐫𝐞𝐟𝐞𝐫 𝐚 𝐬𝐮𝐛𝐦𝐢𝐬𝐬𝐢𝐯𝐞 𝐛𝐨𝐭𝐭𝐨𝐦?  👀👀  𝐃𝐫𝐨𝐩 𝐚 “🙋‍♂️” 𝐢𝐟 𝐲𝐨𝐮 𝐰𝐚𝐧𝐭 𝐭𝐡𝐞 𝐧𝐮𝐝𝐞𝐬   𝐉𝐞𝐟𝐫𝐞𝐞 𝐒𝐭𝐚𝐫’𝐬 𝐧𝐞𝐰 𝐛𝐨𝐲 𝐭𝐨𝐲 👀🤤   𝐖𝐡𝐨 𝐞𝐥𝐬𝐞 𝐥𝐢𝐤𝐞𝐬 𝐭𝐨 𝐠𝐞𝐭 𝐫𝐨𝐮𝐠𝐡 𝐟𝐮𝐜𝐤𝐞𝐝? 🙋‍♂️  𝐈𝐭’𝐬 𝐭𝐡𝐞 𝐩𝐚𝐬𝐬𝐢𝐨𝐧 𝐟𝐨𝐫 𝐦𝐞 🥰    𝐓𝐡𝐞 𝐭𝐨𝐩 𝐢𝐬 𝐬𝐭𝐫𝐚𝐢𝐠𝐡𝐭 🙃  𝐓𝐡𝐞 𝐦𝐨𝐮𝐧𝐭𝐚𝐢𝐧 𝐛𝐚𝐜𝐤 𝐚𝐭 𝐢𝐭 𝐚𝐠𝐚𝐢𝐧 😶  𝐏𝐞𝐫𝐟𝐞𝐜𝐭 𝐏𝐎𝐕 𝐨𝐟 𝐭𝐡𝐞 𝐁𝐁𝐂 🍆  𝐅*𝐜𝐤𝐢𝐧𝐠 𝐡𝐢𝐬 𝐩𝐫𝐞𝐭𝐭𝐲 𝐥𝐢𝐭𝐭𝐥𝐞 𝐚𝐳𝐳! 𝐀𝐥𝐬𝐨, 𝐭𝐡𝐢𝐬 𝐭𝐨𝐩 𝐡𝐚𝐬 𝐬𝐮𝐜𝐡 𝐚 𝐛𝐞𝐚𝐮𝐭𝐢𝐟𝐮𝐥 𝐚𝐳𝐳 🤤
  . @markgotfans 𝐚𝐬𝐤𝐬 𝐰𝐡𝐨’𝐬 𝐬𝐭𝐢𝐥𝐥 𝐮𝐩? 👀👀  𝐌𝐚𝐤𝐞 𝐢𝐭 𝐜𝐥𝐚𝐩 𝐭𝐡𝐞𝐧 𝐅𝐥𝐚𝐬𝐡 👀
  𝐏𝐡𝐞𝐨𝐧𝐢𝐱 𝐅𝐞𝐥𝐥𝐢𝐧𝐠𝐭𝐨𝐧, 𝐞𝐯𝐞𝐫𝐲𝐨𝐧𝐞 🤤 @amipheonix  𝐇𝐞’𝐬 𝐣𝐮𝐬𝐭 𝐛𝐞𝐞𝐧 𝐫𝐞𝐥𝐞𝐚𝐬𝐞𝐝 𝐟𝐫𝐨𝐦 𝐣𝐚𝐢𝐥 𝐚𝐧𝐝 𝐭𝐡𝐞 𝐟𝐢𝐫𝐬𝐭 𝐭𝐡𝐢𝐧𝐠 𝐡𝐞 𝐝𝐨𝐞𝐬 𝐢𝐬 𝐟𝐮𝐜𝐤 𝐡𝐢𝐬 𝐧𝐞𝐩𝐡𝐞𝐰  😶😶   𝐊𝐫𝐚𝐯𝐞 𝐨𝐧 𝐭𝐡𝐞 𝐫𝐞𝐜𝐞𝐢𝐯𝐢𝐧𝐠 𝐞𝐧𝐝. 𝐒𝐞𝐞 𝐡𝐨𝐰 𝐢𝐭 𝐟𝐞𝐞𝐥𝐬 𝐭𝐨 𝐭𝐚𝐤𝐞 𝐭𝐡𝐚𝐭 𝐝𝐢𝐜𝐤 𝐫𝐚𝐭𝐡𝐞𝐫 𝐭𝐡𝐚𝐧 𝐠𝐢𝐯𝐢𝐧𝐠 𝐢𝐭 🥵  𝐖𝐞𝐥𝐥 𝐡𝐞𝐲 𝐃𝐞𝐫𝐞𝐤 😊   𝐇𝐞 𝐟*𝐜𝐤𝐬 𝐡𝐢𝐦 𝐥𝐢𝐤𝐞 𝐨𝐧𝐞 𝐨𝐟 𝐭𝐡𝐨𝐬𝐞 𝐛𝐮𝐭𝐭 𝐭𝐨𝐲𝐬   𝐈𝐧𝐭𝐞𝐧𝐬𝐞  👀👀  𝐃𝐫𝐨𝐩𝐩𝐢𝐧𝐠 𝐭𝐡𝐢𝐬 𝐟𝐮𝐥𝐥 𝐯𝐢𝐝𝐞𝐨 𝐭𝐨𝐧𝐢𝐠𝐡𝐭 😌  𝐏𝐢𝐜𝐤 𝐨𝐧𝐞!  ‼️ #𝐄𝐗𝐂𝐋𝐔𝐒𝐈𝐕𝐄 𝐍𝐞𝐰 𝐧𝐮𝐝𝐞𝐬 𝐨𝐟 @lifeofdeven 𝐒𝐮𝐛𝐬𝐜𝐫𝐢𝐛𝐞 𝐛𝐞𝐥𝐨𝐰 ↓
   𝐇𝐞 𝐧𝐮𝐭𝐭𝐞𝐝 𝐢𝐧 𝐡𝐢𝐬 𝐨𝐰𝐧 𝐦𝐨𝐮𝐭𝐡
     𝐂𝐚𝐭𝐜𝐡 𝐢𝐭 𝐢𝐟 𝐲𝐨𝐮 𝐜𝐚𝐧   𝐖𝐨𝐮𝐥𝐝 𝐲𝐨𝐮 𝐜𝐚𝐭𝐜𝐡 𝐡𝐢𝐬 💦💦💦 ??
  𝐁𝐞𝐚𝐭 𝐢𝐭 𝐮𝐩 𝐩𝐮𝐭 𝐢𝐧 𝐰𝐨𝐫𝐤  𝐇𝐞’𝐬 𝐚 𝐬𝐞𝐱𝐲 𝐦𝐟 🤤 𝐥𝐢𝐤𝐞 𝐢𝐟 𝐲𝐨𝐮 𝐚𝐠𝐫𝐞𝐞  𝐏𝐢𝐜𝐤 𝐨𝐧𝐞!  𝐃𝐢𝐠𝐠𝐢𝐧𝐠 𝐟𝐨𝐫 𝐠𝐨𝐥𝐝 🌝
@Jaysonnvorhees  𝐓𝐡𝐞 𝐔𝐥𝐭𝐢𝐦𝐚𝐭𝐞 𝐒𝐡𝐨𝐰𝐝𝐨𝐰𝐧: 𝐏𝐢𝐜𝐤 𝐎𝐧𝐞!  𝐀𝐧 𝐢𝐧𝐭𝐞𝐧𝐬𝐞 𝐩𝐨𝐮𝐧𝐝𝐢𝐧𝐠 𝐛𝐲 𝐇𝐨𝐭 𝐑𝐨𝐝 🔥  𝐖𝐨𝐰 𝐈’𝐦 𝐬𝐩𝐞𝐞𝐜𝐡𝐥𝐞𝐬𝐬 😶  𝐓𝐡𝐞 𝐬𝐥𝐢𝐦 𝐨𝐧𝐞𝐬 𝐛𝐞 𝐡𝐚𝐯𝐢𝐧𝐠 𝐭𝐡𝐞 𝐭𝐡𝐢𝐜𝐤𝐞𝐬𝐭 🍆  𝐒𝐞𝐱𝐲 𝐩𝐡𝐚𝐭 𝐛𝐨𝐨𝐭𝐲 𝐜𝐨𝐥𝐥𝐞𝐠𝐞 𝐛𝐚𝐥𝐥 𝐩𝐥𝐚𝐲𝐞𝐫  𝐖𝐨𝐮𝐥𝐝 𝐲𝐨𝐮 𝐬𝐢𝐭?
  𝐅𝐨𝐥𝐥𝐨𝐰 𝐨𝐮𝐫 𝐛𝐚𝐜𝐤𝐮𝐩 @dickaddicktedxx  𝐓𝐡𝐫𝐨𝐰 𝐭𝐡𝐚𝐭 𝐝*𝐜𝐤 𝐥𝐢𝐤𝐞 𝐚 𝐛𝐚𝐭𝐭𝐞𝐫 😭   🥵🥵🥵  𝐏𝐢𝐜𝐤 𝐨𝐧𝐞!  𝐖𝐡𝐨 𝐰𝐨𝐮𝐥𝐝 𝐲𝐨𝐮 𝐬𝐡𝐨𝐰𝐞𝐫 𝐰𝐢𝐭𝐡? 𝐋 𝐨𝐫 𝐑?  𝐑𝐓 𝐢𝐟 𝐲𝐨𝐮 𝐰𝐢𝐬𝐡 𝐭𝐨𝐲 𝐰𝐚𝐬 𝐨𝐧𝐞 𝐨𝐟 𝐲𝐨𝐮𝐫 𝐡𝐨𝐥𝐞𝐬  𝐘𝐨𝐮 𝐡𝐚𝐯𝐞 𝐨𝐮𝐫 𝐚𝐭𝐭𝐞𝐧𝐭𝐢𝐨𝐧 👀 @TheShawnRaymon1  𝐃𝐫𝐨𝐩 𝐚 “🙋‍♂️“ 𝐢𝐟 𝐲𝐨𝐮 𝐰𝐢𝐬𝐡 𝐲𝐨𝐮 𝐰𝐞𝐫𝐞 𝐡𝐢𝐦  𝐍𝐨𝐰 𝐭𝐡𝐢𝐬 𝐢𝐬 𝐚 𝐌𝐎𝐎𝐃❗️  𝐈𝐭’𝐬 𝐚𝐛𝐨𝐮𝐭 𝐭𝐢𝐦𝐞 𝐟𝐨𝐫 𝐬𝐨𝐦𝐞 𝐧𝐞𝐰 𝐅𝐥𝐚𝐬𝐡 🍑  𝐌𝐢𝐝𝐝𝐚𝐲 𝐌𝐨𝐨𝐝:    𝐖𝐰𝐲𝐝 𝐢𝐟 𝐡𝐞 𝐰𝐚𝐥𝐤𝐞𝐝 𝐮𝐩 𝐭𝐨 𝐲𝐨𝐮? 👀  𝐆𝐮𝐞𝐬𝐬 𝐰𝐡𝐨’𝐬 𝐁𝐢𝐳𝐳𝐚𝐜𝐤? 😭 𝐇𝐞’𝐬 𝐡𝐨𝐦𝐞!   ‼️ #𝐄𝐗𝐂𝐋𝐔𝐒𝐈𝐕𝐄 𝐍𝐞𝐰 𝐧𝐮𝐝𝐞𝐬 𝐨𝐟 @lifeofdeven 𝐒𝐮𝐛𝐬𝐜𝐫𝐢𝐛𝐞 𝐛𝐞𝐥𝐨𝐰 ↓
  𝐇𝐞 𝐧𝐞𝐞𝐝𝐬 𝐭𝐨 𝐜𝐨𝐦𝐞 𝐭𝐨 𝐨𝐮𝐫 𝐬𝐢𝐝𝐞 😫

  𝐖𝐞𝐥𝐩! @officialmckell 𝐁𝐥𝐞𝐬𝐬𝐢𝐧𝐠 𝐲𝐨𝐮𝐫 𝐟𝐞𝐞𝐝  𝐏𝐢𝐜𝐤 𝐨𝐧𝐞! 𝐑𝐚𝐩𝐩𝐞𝐫 𝐄𝐝𝐢𝐭𝐢𝐨𝐧.

𝐀𝐮𝐠𝐮𝐬𝐭 𝐀𝐥𝐬𝐢𝐧𝐚    𝐂𝐚$𝐡 𝐎𝐮𝐭    𝐓𝐡𝐞 𝐆𝐚𝐦𝐞  𝐃𝐨 𝐰𝐞 𝐡𝐚𝐯𝐞 𝐚𝐧𝐲 𝐑𝐨𝐦𝐞 𝐅𝐥𝐲𝐧𝐧 𝐟𝐚𝐧𝐬? 👀  𝐖𝐡𝐚𝐭’𝐬 𝐭𝐡𝐞 𝐥𝐚𝐬𝐭 𝐩𝐨𝐫𝐧 𝐲𝐨𝐮’𝐯𝐞 𝐣𝐚𝐜𝐤𝐞𝐝 𝐭𝐨?  𝐃𝐞𝐯𝐨𝐧 𝐋𝐞𝐛𝐫𝐨𝐧 𝐝𝐞𝐬𝐭𝐫𝐨𝐲𝐬 𝐀𝐧𝐝𝐲 𝐒𝐭𝐚𝐫𝐫 😈  𝐂𝐡𝐨𝐜𝐨𝐥𝐚𝐭𝐞              𝐨𝐫          𝐕𝐚𝐧𝐢𝐥𝐥𝐚  

𝐌𝐢𝐝𝐝𝐚𝐲 𝐌𝐨𝐨𝐝:  𝐒𝐡𝐨𝐰𝐞𝐫 𝐭𝐢𝐦𝐞 𝐰𝐢𝐭𝐡 𝐌𝐚𝐫𝐬𝐡𝐚𝐥𝐥 🚿 

  𝐭𝐡𝐞 𝐟𝐚𝐜𝐞                         𝐭𝐡𝐞 𝐝𝐢𝐜𝐤  𝐓𝐡𝐞 𝐢𝐧𝐜𝐨𝐦𝐩𝐚𝐫𝐚𝐛𝐥𝐞 𝐑𝐨𝐜𝐜𝐨 𝐒𝐭𝐞𝐞𝐥𝐞 🔥    #𝐌𝐢𝐝𝐝𝐚𝐲𝐌𝐨𝐨𝐝: @Chino_Blac 𝐠𝐞𝐭𝐬 𝐡𝐢𝐬 𝐛𝐮𝐛𝐛𝐥𝐞 𝐛𝐨𝐨𝐭𝐲 𝐧𝐚𝐢𝐥𝐞𝐝 𝐛𝐲 @MaxKonnorXXX 

  𝐖𝐨𝐮𝐥𝐝 𝐲𝐨𝐮 𝐬𝐢𝐭 𝐨𝐧 @smokepoleboy1’s 𝐥𝐚𝐩?  𝐏𝐢𝐜𝐤 𝐨𝐧𝐞!  𝐀𝐫𝐜𝐡 𝐲𝐨𝐮𝐫 𝐛𝐚𝐜𝐤 𝐚𝐧𝐝 𝐬𝐮𝐛𝐦𝐢𝐭 𝐭𝐨 𝐭𝐡𝐞 𝐁𝐁𝐂  𝐖𝐨𝐮𝐥𝐝 𝐲𝐨𝐮 𝐜𝐥𝐢𝐦𝐛 𝐭𝐡𝐢𝐬 𝐦𝐨𝐮𝐧𝐭𝐚𝐢𝐧? 👀  𝐇𝐞 𝐡𝐚𝐬 𝐚𝐧 𝐢𝐧𝐬𝐚𝐭𝐢𝐚𝐛𝐥𝐞 𝐚𝐩𝐩𝐞𝐭𝐢𝐭𝐞 𝐟𝐨𝐫 𝐁𝐁𝐂  𝐖𝐡𝐚𝐭 𝐰𝐨𝐮𝐥𝐝 𝐲𝐨𝐮 𝐠𝐨 𝐟𝐨𝐫 𝐟𝐢𝐫𝐬𝐭? 👀

  𝐉𝐮𝐦𝐩𝐢𝐧𝐠 𝐣𝐚𝐜𝐤𝐬 𝐚𝐫𝐞 𝐚𝐧 𝐞𝐟𝐟𝐢𝐜𝐢𝐞𝐧𝐭 𝐭𝐨𝐭𝐚𝐥-𝐛𝐨𝐝𝐲 𝐰𝐨𝐫𝐤𝐨𝐮𝐭 𝐭𝐡𝐚𝐭 𝐲𝐨𝐮 𝐜𝐚𝐧 𝐝𝐨 𝐚𝐥𝐦𝐨𝐬𝐭 𝐚𝐧𝐲𝐰𝐡𝐞𝐫𝐞. 𝐓𝐫𝐲 𝐢𝐦𝐩𝐥𝐞𝐦𝐞𝐧𝐭𝐢𝐧𝐠 𝐭𝐡𝐞𝐦 𝐢𝐧𝐭𝐨 𝐲𝐨𝐮𝐫…  

𝐭𝐡𝐞 𝐟𝐚𝐜𝐞                         𝐭𝐡𝐞 𝐝𝐢𝐜𝐤  𝐁𝐫𝐚𝐜𝐞 𝐲𝐨𝐮𝐫𝐬𝐞𝐥𝐟 𝐟𝐨𝐫 𝐭𝐡𝐞 𝐁𝐁𝐂 😈  𝐃𝐌 𝐟𝐨𝐫 𝐩𝐫𝐨𝐦𝐨 | 𝐒𝐭𝐚𝐫𝐭𝐬 𝐚𝐭 $𝟐𝟓/𝐭𝐰𝐞𝐞𝐭  𝐈𝐭 𝐡𝐚𝐬 𝐚 𝐦𝐢𝐧𝐝 𝐨𝐟 𝐢𝐭’𝐬 𝐨𝐰𝐧  𝐇𝐞 𝐜𝐨𝐮𝐥𝐝𝐧’𝐭 𝐰𝐚𝐢𝐭 𝐭𝐨 𝐬𝐮𝐜𝐤 😭  𝐇𝐚𝐩𝐩𝐲 𝐈𝐧𝐝𝐞𝐩𝐞𝐧𝐝𝐞𝐧𝐜𝐞 𝐃𝐚𝐲 🇺🇸   𝐖𝐡𝐞𝐧 𝐲𝐨𝐮𝐫 𝐟𝐢𝐧𝐞 𝐚𝐬𝐬 𝐡𝐨𝐦𝐢𝐞 𝐥𝐞𝐭’𝐬 𝐲𝐨𝐮 𝐡𝐚𝐯𝐞 𝐲𝐨𝐮𝐫 𝐰𝐚𝐲
———————————————-
𝐅𝐮𝐥𝐥 𝐯𝐢𝐝𝐞𝐨 𝐡𝐞𝐫𝐞:   𝐌𝐢𝐝𝐝𝐚𝐲 𝐌𝐨𝐨𝐝:

 
   🍭🤷‍♂️  𝐘𝐨𝐮 𝐬𝐢𝐭𝐭𝐢𝐧𝐠 𝐨𝐫 𝐬𝐮𝐜𝐤𝐢𝐧𝐠? @fineassflaco

  𝐓𝐡𝐢𝐬 𝐛𝐨𝐭𝐭𝐨𝐦 𝐢𝐬 𝐥𝐮𝐜𝐤𝐲 𝐚𝐟 🥵

  𝐥𝐞𝐟𝐭                          𝐨𝐫                     𝐫𝐢𝐠𝐡𝐭  𝐅𝐨𝐫𝐜𝐞 𝐟𝐞𝐝 𝐭𝐡𝐞 𝐃!  𝐑𝐢𝐜𝐤𝐲’𝐬 𝐚𝐬𝐬 𝐢𝐬 𝐣𝐮𝐬𝐭 𝐢𝐧𝐜𝐫𝐞𝐝𝐢𝐛𝐥𝐞 🤤  𝐥𝐞𝐟𝐭                          𝐨𝐫                     𝐫𝐢𝐠𝐡𝐭  𝐭𝐡𝐞 𝐟𝐚𝐜𝐞                         𝐭𝐡𝐞 𝐝𝐢𝐜𝐤  𝐑𝐢𝐝𝐢𝐧𝐠 𝟏𝟎-𝐢𝐧𝐜𝐡𝐞𝐬 𝐨𝐟 𝐁𝐁𝐂   𝐖𝐨𝐮𝐥𝐝 𝐲𝐨𝐮 𝐬𝐮𝐜𝐤 𝐡𝐢𝐦? 👀👀  𝐖𝐨𝐮𝐥𝐝 𝐲𝐨𝐮 𝐭𝐫𝐲 𝐭𝐡𝐢𝐬? 👀👀  𝐌𝐢𝐝𝐧𝐢𝐠𝐡𝐭 𝐌𝐨𝐨𝐝:  𝐃𝐫𝐨𝐩 𝐚 “👍” 𝐢𝐟 𝐲𝐨𝐮 𝐰𝐚𝐧𝐭 𝐭𝐡𝐞 𝐟𝐮𝐥𝐥 𝐯𝐢𝐝𝐞𝐨  𝐀𝐟𝐭𝐞𝐫 𝐚𝐧 𝐢𝐧𝐧𝐨𝐜𝐞𝐧𝐭 𝐠𝐚𝐦𝐞 𝐨𝐟 𝟐𝐤  𝟏𝟗 𝐲/𝐨 𝐰𝐢𝐭𝐡 𝟏𝟏-𝐢𝐧𝐜𝐡𝐞𝐬 𝐨𝐟 🥩  𝐖𝐡𝐞𝐧 𝐭𝐡𝐞 𝐭𝐨𝐩 𝐡𝐚𝐬 𝐝*𝐜𝐤 𝐚𝐧𝐝 𝐚𝐳𝐳 🍆🍑  𝐓𝐡𝐚𝐧𝐤𝐬 𝐟𝐨𝐫 𝟐𝟎𝟎𝐤 𝐟𝐨𝐥𝐥𝐨𝐰𝐞𝐫𝐬 ☺︎
——————————————
𝐃𝐌 𝐟𝐨𝐫 𝐩𝐫𝐨𝐦𝐨 / $𝟐𝟓 𝐩𝐞𝐫 𝐭𝐰𝐞𝐞𝐭 ..  𝐖𝐨𝐮𝐥𝐝 𝐲𝐨𝐮 𝐟*𝐜𝐤 𝐲𝐨𝐮𝐫 𝐝𝐚𝐝’𝐬 𝐛𝐞𝐬𝐭 𝐟𝐫𝐢𝐞𝐧𝐝? 👀  𝐃𝐢𝐠𝐠𝐲 𝐨𝐫 𝐉𝐮𝐬𝐭𝐢𝐧?  𝐘𝐨𝐮 𝐞𝐯𝐞𝐫 𝐠𝐞𝐭 𝐟*𝐜𝐤𝐞𝐝 𝐢𝐧 𝐭𝐡𝐞 𝐤𝐢𝐭𝐜𝐡𝐞𝐧? 👀  𝐒𝐩𝐞𝐞𝐜𝐡𝐥𝐞𝐬𝐬 😶  𝐖𝐨𝐮𝐥𝐝 𝐲𝐨𝐮 𝐣𝐨𝐢𝐧 𝐭𝐡𝐞𝐦? 👀


  𝐑𝐢𝐬𝐞 &amp; 𝐬𝐡𝐢𝐧𝐞 ☀️

  𝐂𝐥𝐚𝐬𝐬 𝐢𝐧 𝐬𝐞𝐬𝐬𝐢𝐨𝐧 🏫 📝  𝐇𝐞’𝐬 𝐬𝐭𝐫𝐚𝐢𝐠𝐡𝐭 🙃 𝐛𝐮𝐭 𝐡𝐢𝐬 𝐚𝐬𝐬 𝐢𝐬 𝐢𝐦𝐦𝐚𝐜𝐮𝐥𝐚𝐭𝐞  𝐭𝐡𝐞 𝐟𝐚𝐜𝐞                         𝐭𝐡𝐞 𝐝𝐢𝐜𝐤  𝐖𝐨𝐮𝐥𝐝 𝐲𝐨𝐮 𝐬𝐢𝐭? 👀 